
> cohortstracker@0.1.0 start
> react-scripts start

Browserslist: caniuse-lite is outdated. Please run:
  npx browserslist@latest --update-db
  Why you should do it regularly: https://github.com/browserslist/browserslist#browsers-data-updating
(node:48850) [DEP_WEBPACK_DEV_SERVER_ON_AFTER_SETUP_MIDDLEWARE] DeprecationWarning: 'onAfterSetupMiddleware' option is deprecated. Please use the 'setupMiddlewares' option.
(Use `node --trace-deprecation ...` to show where the warning was created)
(node:48850) [DEP_WEBPACK_DEV_SERVER_ON_BEFORE_SETUP_MIDDLEWARE] DeprecationWarning: 'onBeforeSetupMiddleware' option is deprecated. Please use the 'setupMiddlewares' option.
Starting the development server...

Compiled with warnings.

src/App.js
  Line 1:8:  'logo' is defined but never used  no-unused-vars

Search for the keywords to learn more about each warning.
To ignore, add // eslint-disable-next-line to the line before.

assets by path static/ 1.51 MiB
  asset static/js/bundle.js 1.5 MiB [emitted] (name: main) 1 related asset
  asset static/js/node_modules_web-vitals_dist_web-vitals_js.chunk.js 6.93 KiB [emitted] 1 related asset
  asset static/media/logo.6ce24c58023cc2f8fd88fe9d219db6c6.svg 2.57 KiB [emitted] (auxiliary name: main)
asset index.html 1.67 KiB [emitted]
asset asset-manifest.json 546 bytes [emitted]
runtime modules 31.3 KiB 15 modules
modules by path ./node_modules/ 1.35 MiB 99 modules
modules by path ./src/ 27.4 KiB
  modules by path ./src/*.css 12.7 KiB
    ./src/index.css 2.72 KiB [built] [code generated]
    ./node_modules/css-loader/dist/cjs.js??ruleSet[1].rules[1].oneOf[5].use[1]!./node_modules/postcss-loader/dist/cjs.js??ruleSet[1].rules[1].oneOf[5].use[2]!./node_modules/source-map-loader/dist/cjs.js!./src/index.css 1.37 KiB [built] [code generated]
    + 4 modules
  modules by path ./src/*.js 11.1 KiB
    ./src/index.js 1.88 KiB [built] [code generated]
    ./src/App.js 1.92 KiB [built] [code generated]
    + 3 modules
  ./src/logo.svg 3.61 KiB [built] [code generated]

WARNING in src/App.js
  Line 1:8:  'logo' is defined but never used  no-unused-vars

webpack 5.68.0 compiled with 1 warning in 17764 ms
